// Jest Snapshot v1, https://goo.gl/fbAQLP

exports[`ErrorHandler should render 1`] = `
<DocumentFragment>
  <h1>
    Error
  </h1>
  <pre>
    Test error
  </pre>
</DocumentFragment>
`;
