// Jest Snapshot v1, https://goo.gl/fbAQLP

exports[`NavButton should render 1`] = `
<DocumentFragment>
  <button
    class="chakra-button css-17sqi85"
    type="button"
  />
</DocumentFragment>
`;
